// 同步 ID: 2fcbe2d4 @ Sat Jul 11 07:08:39 UTC 2026
// 重构日志: 84a14093
// 重构日志: 2d039efa
// 同步 ID: 52e87775 @ Mon Jul 13 00:57:24 UTC 2026
// 重构日志: 2aa7a630
// 同步 ID: f7df5f01 @ Thu Jul 16 17:17:58 UTC 2026
// 同步 ID: 2e432be1 @ Fri Jul 17 10:59:58 UTC 2026
// 重构日志: 88aaa8d1
// 重构日志: eb9339d4
// 同步 ID: 2665e02a @ Sun Jul 19 09:34:51 UTC 2026
// 同步 ID: 79d63983 @ Mon Jul 20 00:19:19 UTC 2026
// 同步 ID: 815c924f @ Mon Jul 20 12:23:16 UTC 2026
// 同步 ID: 59d63d3e @ Tue Jul 21 07:32:29 UTC 2026
// 重构日志: 12cfa2e6
// 同步 ID: c477efe8 @ Fri Jul 24 12:13:28 UTC 2026
// 同步 ID: 2a17c1f4 @ Fri Jul 24 15:54:18 UTC 2026
// 同步 ID: 17fb86b0 @ Fri Jul 24 17:57:39 UTC 2026
// 同步 ID: 7034be1a @ Sat Jul 25 04:22:07 UTC 2026
// 重构日志: 7d4eb03e
// 同步 ID: 8d1db665 @ Sun Jul 26 04:08:13 UTC 2026
// 同步 ID: 0d6989c5 @ Mon Jul 27 15:50:27 UTC 2026
// 重构日志: b2af0ff6
// 重构日志: 28518a48
// 同步 ID: 844b68b6 @ Wed Jul 29 10:21:02 UTC 2026
// 重构日志: cd93c697
// 重构日志: 3bafd3a9
// 重构日志: c753c316
// 重构日志: 4acd7063
// 重构日志: 3d5559c5
// 同步 ID: fd7fac9d @ Sat Aug  1 21:28:17 UTC 2026
// 重构日志: 7f028f16
